===== 第 1 次 --stage-next（opencode/space-bunny-free 非流式）=====
[STAGE CHAIN] artifacts\upper-bound\2024B-ingest-1\stages
  题面问数（数出来的）：4
  [deterministic] figure-declare: 第 1 段：出作图规划
[STAGE NEXT] 只跑了 'figure-declare'，到此即停。检查 artifacts\upper-bound\2024B-ingest-1\stages 后，放行 = 再执行一次 --stages --stage-next。
  ❌ figure-declare: 阶段产出未通过形态检查：第一段没有产出可用的 `figures` 数组 —— 没有规划就无法逐图内联配方。回答开头：[
  {
    "figure_id": "fig_q1_oc_curve_p1",
    "chart_type": "line",
    "recipe": {
      "category": "basic",
      "number": 3
    },
    "data_refs": [
      "R-Q1-oc-curve-p-grid",
      "R-Q1-oc-curve-accept-prob",
      "R-Q1-nominal-p",
      "R-Q1-p-alt",
      "R-Q1-oc-curve-n",
      "R

STAGE CHAIN FAILED — 1 个阶段没通过（产物与通行证在 artifacts\upper-bound\2024B-ingest-1\stages）。
===== 第 2 次 --stage-next（opencode/space-bunny-free 非流式）=====
[STAGE CHAIN] artifacts\upper-bound\2024B-ingest-1\stages
  题面问数（数出来的）：4
  [deterministic] figure-declare: 第 1 段：出作图规划
  [deterministic] figure-declare: 第 2/15 段：交付 figures/gen_fig_q1_oc_curve_p1.py
  [deterministic] figure-declare: 第 3/15 段：交付 figures/gen_fig_q1_sample_size_vs_confidence.py
  [deterministic] figure-declare: 第 4/15 段：交付 figures/gen_fig_q1_sprt_boundary.py
  [deterministic] figure-declare: 第 5/15 段：交付 figures/gen_fig_q1_two_cases_sample_size.py
  [deterministic] figure-declare: 第 6/15 段：交付 figures/gen_fig_q2_strategy_cost_heatmap.py
  [deterministic] figure-declare: 第 7/15 段：交付 figures/gen_fig_q2_optimal_cost_breakdown.py
  [deterministic] figure-declare: 第 8/15 段：交付 figures/gen_fig_q2_six_cases_decisions.py
  [deterministic] figure-declare: 第 9/15 段：交付 figures/gen_fig_q2_quality_profit_scatter.py
  [deterministic] figure-declare: 第 10/15 段：交付 figures/gen_fig_q2_recovery_cost_compare.py
  [deterministic] figure-declare: 第 11/15 段：交付 figures/gen_fig_q3_node_cost_profile.py
  [deterministic] figure-declare: 第 12/15 段：交付 figures/gen_fig_q3_assembly_network_cost.py
  [deterministic] figure-declare: 第 13/15 段：交付 figures/gen_fig_q3_strategy_cost_compare.py
  [deterministic] figure-declare: 第 14/15 段：交付 figures/gen_fig_q4_ci_effect_on_cost.py
  [deterministic] figure-declare: 第 15/15 段：交付 figures/gen_fig_q4_monte_carlo_robustness.py
[STAGE NEXT] 只跑了 'figure-declare'，到此即停。检查 artifacts\upper-bound\2024B-ingest-1\stages 后，放行 = 再执行一次 --stages --stage-next。
  🟡 figure-declare: 门禁通过但**逐节点审计没跑成**（fetch failed）——按 `2 ≠ 0` 的纪律记在通行证上，本阶段不能计入 CLEAN。

STAGE CHAIN OK — 1 个阶段签发通行证（其中 1 个带未判定门禁，缺口已记在 PASSED 上）。产物在 artifacts\upper-bound\2024B-ingest-1\stages
===== 第 3 次 --stage-next（opencode/space-bunny-free 非流式）=====
[STAGE CHAIN] artifacts\upper-bound\2024B-ingest-1\stages
  题面问数（数出来的）：4
  [deterministic] figure: 执行 14 个绘图脚本，产出 14 张图（脚本由阶段 5 写，数据全部从铸出的账本读）
[STAGE NEXT] 只跑了 'figure'，到此即停。检查 artifacts\upper-bound\2024B-ingest-1\stages 后，放行 = 再执行一次 --stages --stage-next。
  ❌ figure: 门禁 code 1（0=通过 1=硬失败 2=无法判定）：figure_manifest_reconcile、figure_style_rules

STAGE CHAIN FAILED — 1 个阶段没通过（产物与通行证在 artifacts\upper-bound\2024B-ingest-1\stages）。
===== 第 4 次 --stage-next（opencode/space-bunny-free 非流式）=====
[STAGE CHAIN] artifacts\upper-bound\2024B-ingest-1\stages
  题面问数（数出来的）：4
  [deterministic] figure: 执行 14 个绘图脚本，产出 14 张图（脚本由阶段 5 写，数据全部从铸出的账本读）
[STAGE NEXT] 只跑了 'figure'，到此即停。检查 artifacts\upper-bound\2024B-ingest-1\stages 后，放行 = 再执行一次 --stages --stage-next。
  ❌ figure: 门禁 code 1（0=通过 1=硬失败 2=无法判定）：figure_manifest_reconcile、figure_style_rules

STAGE CHAIN FAILED — 1 个阶段没通过（产物与通行证在 artifacts\upper-bound\2024B-ingest-1\stages）。
===== LOOP DONE =====
