===== 第 1 次 --stage-next =====
[STAGE CHAIN] artifacts\upper-bound\2024B-ingest-1\stages
  题面问数（数出来的）：4
  [deterministic] code: 分片 1/6 交付 code/main.py
  [deterministic] code: 分片 2/6 交付 code/problem1.py
  [deterministic] code: 分片 3/6 交付 code/problem2.py
  [deterministic] code: 分片 4/6 交付 code/problem3.py
  [deterministic] code: 分片 5/6 交付 code/problem4.py
  [deterministic] code: 分片 6/6 交付 *
[STAGE NEXT] 只跑了 'code'，到此即停。检查 artifacts\upper-bound\2024B-ingest-1\stages 后，放行 = 再执行一次 --stages --stage-next。
  ❌ code: 阶段产出未通过形态检查：Unexpected token '`', "```json
{""... is not valid JSON

STAGE CHAIN FAILED — 1 个阶段没通过（产物与通行证在 artifacts\upper-bound\2024B-ingest-1\stages）。
===== 第 2 次 --stage-next =====
[STAGE CHAIN] artifacts\upper-bound\2024B-ingest-1\stages
  题面问数（数出来的）：4
  [deterministic] code: 分片 1/6 交付 code/main.py
  [deterministic] code: 分片 2/6 交付 code/problem1.py
  [deterministic] code: 分片 3/6 交付 code/problem2.py
  [deterministic] code: 分片 4/6 交付 code/problem3.py
  [deterministic] code: 分片 5/6 交付 code/problem4.py
  [deterministic] code: 分片 6/6 交付 *
[STAGE NEXT] 只跑了 'code'，到此即停。检查 artifacts\upper-bound\2024B-ingest-1\stages 后，放行 = 再执行一次 --stages --stage-next。
  ❌ code: 阶段产出未通过形态检查：Unexpected non-whitespace character after JSON at position 13318 (line 1 column 13319)

STAGE CHAIN FAILED — 1 个阶段没通过（产物与通行证在 artifacts\upper-bound\2024B-ingest-1\stages）。
===== 第 3 次 --stage-next =====
[STAGE CHAIN] artifacts\upper-bound\2024B-ingest-1\stages
  题面问数（数出来的）：4
  [deterministic] code: 分片 1/6 交付 code/main.py
  [deterministic] code: 分片 2/6 交付 code/problem1.py
  [deterministic] code: 分片 3/6 交付 code/problem2.py
  [deterministic] code: 分片 4/6 交付 code/problem3.py
  [deterministic] code: 分片 5/6 交付 code/problem4.py
  [deterministic] code: 分片 6/6 交付 *
[STAGE NEXT] 只跑了 'code'，到此即停。检查 artifacts\upper-bound\2024B-ingest-1\stages 后，放行 = 再执行一次 --stages --stage-next。
  ❌ code: 阶段产出未通过形态检查：Unexpected token '`', "```json
{
"... is not valid JSON

STAGE CHAIN FAILED — 1 个阶段没通过（产物与通行证在 artifacts\upper-bound\2024B-ingest-1\stages）。
===== 第 4 次 --stage-next =====
[STAGE CHAIN] artifacts\upper-bound\2024B-ingest-1\stages
  题面问数（数出来的）：4
  [deterministic] code: 分片 1/6 交付 code/main.py
  [deterministic] code: 分片 2/6 交付 code/problem1.py
  [deterministic] code: 分片 3/6 交付 code/problem2.py
  [deterministic] code: 分片 4/6 交付 code/problem3.py
  [deterministic] code: 分片 5/6 交付 code/problem4.py
  [deterministic] code: 分片 6/6 交付 *
  [deterministic] code: 逐节点审计（glm-5.3-flash-free）：pass，质量分 0.78，要求 8/8 项完成，6 条 findings
[STAGE NEXT] 只跑了 'code'，到此即停。检查 artifacts\upper-bound\2024B-ingest-1\stages 后，放行 = 再执行一次 --stages --stage-next。
  🟡 code: 门禁全过但**有 1 条无法判定**（delivery_audit）——已如实记在通行证上（`cleanliness: unverified-gates`）；这些缺口使本阶段不能计入 CLEAN。

STAGE CHAIN OK — 1 个阶段签发通行证（其中 1 个带未判定门禁，缺口已记在 PASSED 上）。产物在 artifacts\upper-bound\2024B-ingest-1\stages
===== 第 5 次 --stage-next =====
[STAGE CHAIN] artifacts\upper-bound\2024B-ingest-1\stages
  题面问数（数出来的）：4
[STAGE NEXT] 只跑了 'result-sources'，到此即停。检查 artifacts\upper-bound\2024B-ingest-1\stages 后，放行 = 再执行一次 --stages --stage-next。
  ❌ result-sources: 阶段产出未通过形态检查：铸数失败（71/105 条声明没能从真实产物里解析出有限数）：R-Q1-two-cases-sample-size：json_path 'problem1.two_cases_sample_size' 在 'outputs.json' 里 解析到 {"labels":["case95_reject","case90_accept"],"n":[368,288],"c":[46,35]} —— 既不是有限数，也不是有限数构成的数组（允许：标量 / 一维序列 / 二维矩阵 / 三维张量；元素必须都是有限数）；R-Q1-sampling-cost-case95：json_path 'problem1.sampling_cost.case95' 在 'outputs.json' 里 解析到 undefined —— 既不是有限数，也不是有限数构成的数组（允许：标量 / 一维序列 / 二维矩阵 / 三维张量；元素必须都是有限数）；R-Q1-sampling-cost-case90：json_path 'problem1.sampling_cost.case90' 在 'outputs.json' 里 解析到 undefined —— 既不是有限数，也不是有限数构成的数组（允许：标量 / 一维序列 / 二维矩阵 / 三维张量；元素必须都是有限数）；R-Q2-best-U：json_path 'problem2.cases[].best_U' 在 'outputs.json' 里 解析到 undefined —— 既不是有限数，也不是有限数构成的数组（允许：标量 / 一维序列 / 二维矩阵 / 三维张量；元素必须都是有限数）；R-Q2-best-profit：json_path 'problem2.cases[].best_profit' 在 'outputs.json' 里 解析到 undefined —— 既不是有限数，也不是有限数构成的数组（允许：标量 / 一维序列 / 二维矩阵 / 三维张量；元素必须都是有限数）；R-Q2-best-q：json_path 'problem2.cases[].best_q' 在 'outputs.json' 里 解析到 undefined —— 既不是有限数，也不是有限数构成的数组（允许：标量 / 一维序列 / 二维矩阵 / 三维张量；元素必须都是有限数）（原始回答已留档：_rejected-answer.txt）

STAGE CHAIN FAILED — 1 个阶段没通过（产物与通行证在 artifacts\upper-bound\2024B-ingest-1\stages）。
===== LOOP DONE =====
