===== 第 1 次 --stage-next（opencode/space-bunny-free）=====
[STAGE CHAIN] artifacts\upper-bound\2024B-ingest-1\stages
  题面问数（数出来的）：4
  [deterministic] figure-declare: 第 1 段：出作图规划
  [deterministic] figure-declare: 第 2/15 段：交付 figures/gen_fig_q1_oc_curve_p1.py
  [deterministic] figure-declare: 第 3/15 段：交付 figures/gen_fig_q1_sample_size_vs_confidence.py
  [deterministic] figure-declare: 第 4/15 段：交付 figures/gen_fig_q1_sprt_boundary.py
  [deterministic] figure-declare: 第 5/15 段：交付 figures/gen_fig_q1_two_cases_sample_size.py
  [deterministic] figure-declare: 第 6/15 段：交付 figures/gen_fig_q2_strategy_cost_heatmap.py
  [deterministic] figure-declare: 第 7/15 段：交付 figures/gen_fig_q2_optimal_cost_breakdown.py
[STAGE NEXT] 只跑了 'figure-declare'，到此即停。检查 artifacts\upper-bound\2024B-ingest-1\stages 后，放行 = 再执行一次 --stages --stage-next。
  ❌ figure-declare: 阶段产出未通过形态检查：fetch failed

STAGE CHAIN FAILED — 1 个阶段没通过（产物与通行证在 artifacts\upper-bound\2024B-ingest-1\stages）。
===== 第 2 次 --stage-next（opencode/space-bunny-free）=====
[STAGE CHAIN] artifacts\upper-bound\2024B-ingest-1\stages
  题面问数（数出来的）：4
  [deterministic] figure-declare: 第 1 段：出作图规划
[STAGE NEXT] 只跑了 'figure-declare'，到此即停。检查 artifacts\upper-bound\2024B-ingest-1\stages 后，放行 = 再执行一次 --stages --stage-next。
  ❌ figure-declare: 阶段产出未通过形态检查：fetch failed

STAGE CHAIN FAILED — 1 个阶段没通过（产物与通行证在 artifacts\upper-bound\2024B-ingest-1\stages）。
===== 第 3 次 --stage-next（opencode/space-bunny-free）=====
[STAGE CHAIN] artifacts\upper-bound\2024B-ingest-1\stages
  题面问数（数出来的）：4
  [deterministic] figure-declare: 第 1 段：出作图规划
[STAGE NEXT] 只跑了 'figure-declare'，到此即停。检查 artifacts\upper-bound\2024B-ingest-1\stages 后，放行 = 再执行一次 --stages --stage-next。
  ❌ figure-declare: 阶段产出未通过形态检查：fetch failed

STAGE CHAIN FAILED — 1 个阶段没通过（产物与通行证在 artifacts\upper-bound\2024B-ingest-1\stages）。
===== 第 4 次 --stage-next（opencode/space-bunny-free）=====
[STAGE CHAIN] artifacts\upper-bound\2024B-ingest-1\stages
  题面问数（数出来的）：4
  [deterministic] figure-declare: 第 1 段：出作图规划
[STAGE NEXT] 只跑了 'figure-declare'，到此即停。检查 artifacts\upper-bound\2024B-ingest-1\stages 后，放行 = 再执行一次 --stages --stage-next。
  ❌ figure-declare: 阶段产出未通过形态检查：fetch failed

STAGE CHAIN FAILED — 1 个阶段没通过（产物与通行证在 artifacts\upper-bound\2024B-ingest-1\stages）。
===== LOOP DONE =====
