===== 第 1 次 --stage-next =====
[STAGE CHAIN] artifacts\upper-bound\2024B-ingest-1\stages
  题面问数（数出来的）：4
  [deterministic] diagram: 渲染 1 张架构图；1 张够不到（tikz_process_route，需 LaTeX 引擎）
[STAGE NEXT] 只跑了 'diagram'，到此即停。检查 artifacts\upper-bound\2024B-ingest-1\stages 后，放行 = 再执行一次 --stages --stage-next。
  🟡 diagram: 门禁全过但**有 1 条无法判定**（diagram_manifest_reconcile）——已如实记在通行证上（`cleanliness: unverified-gates`）；这些缺口使本阶段不能计入 CLEAN。

STAGE CHAIN OK — 1 个阶段签发通行证（其中 1 个带未判定门禁，缺口已记在 PASSED 上）。产物在 artifacts\upper-bound\2024B-ingest-1\stages
===== 第 2 次 --stage-next =====
[STAGE CHAIN] artifacts\upper-bound\2024B-ingest-1\stages
  题面问数（数出来的）：4
[STAGE NEXT] 只跑了 'review'，到此即停。检查 artifacts\upper-bound\2024B-ingest-1\stages 后，放行 = 再执行一次 --stages --stage-next。
  ❌ review: 阶段产出未通过形态检查：fetch failed

STAGE CHAIN FAILED — 1 个阶段没通过（产物与通行证在 artifacts\upper-bound\2024B-ingest-1\stages）。
===== 第 3 次 --stage-next =====
[STAGE CHAIN] artifacts\upper-bound\2024B-ingest-1\stages
  题面问数（数出来的）：4
[STAGE NEXT] 只跑了 'review'，到此即停。检查 artifacts\upper-bound\2024B-ingest-1\stages 后，放行 = 再执行一次 --stages --stage-next。
  ❌ review: 门禁 code 1（0=通过 1=硬失败 2=无法判定）：review_fatal_count

STAGE CHAIN FAILED — 1 个阶段没通过（产物与通行证在 artifacts\upper-bound\2024B-ingest-1\stages）。
===== 第 4 次 --stage-next =====
[STAGE CHAIN] artifacts\upper-bound\2024B-ingest-1\stages
  题面问数（数出来的）：4
[STAGE NEXT] 只跑了 'review'，到此即停。检查 artifacts\upper-bound\2024B-ingest-1\stages 后，放行 = 再执行一次 --stages --stage-next。
  ❌ review: 门禁 code 1（0=通过 1=硬失败 2=无法判定）：review_fatal_count

STAGE CHAIN FAILED — 1 个阶段没通过（产物与通行证在 artifacts\upper-bound\2024B-ingest-1\stages）。
===== 第 5 次 --stage-next =====
[STAGE CHAIN] artifacts\upper-bound\2024B-ingest-1\stages
  题面问数（数出来的）：4
[STAGE NEXT] 只跑了 'review'，到此即停。检查 artifacts\upper-bound\2024B-ingest-1\stages 后，放行 = 再执行一次 --stages --stage-next。
  ❌ review: 门禁 code 1（0=通过 1=硬失败 2=无法判定）：review_fatal_count

STAGE CHAIN FAILED — 1 个阶段没通过（产物与通行证在 artifacts\upper-bound\2024B-ingest-1\stages）。
===== 第 6 次 --stage-next =====
[STAGE CHAIN] artifacts\upper-bound\2024B-ingest-1\stages
  题面问数（数出来的）：4
