===== 第 1 次 --stage-next =====
[STAGE CHAIN] artifacts\upper-bound\2024B-ingest-1\stages
  题面问数（数出来的）：4
[STAGE NEXT] 只跑了 'diagram'，到此即停。检查 artifacts\upper-bound\2024B-ingest-1\stages 后，放行 = 再执行一次 --stages --stage-next。
  ❌ diagram: 阶段产出未通过形态检查：ARCH_DECLARATION 里 'fig_q1_oc_curve_p1' 的 style_family 'matplotlib_data_chart' 不在 A/B/C 里

STAGE CHAIN FAILED — 1 个阶段没通过（产物与通行证在 artifacts\upper-bound\2024B-ingest-1\stages）。
===== 第 2 次 --stage-next =====
[STAGE CHAIN] artifacts\upper-bound\2024B-ingest-1\stages
  题面问数（数出来的）：4
[STAGE NEXT] 只跑了 'diagram'，到此即停。检查 artifacts\upper-bound\2024B-ingest-1\stages 后，放行 = 再执行一次 --stages --stage-next。
  ❌ diagram: 阶段产出未通过形态检查：ARCH_DECLARATION 里 'fig_q1_oc_curve_p1' 的 style_family 'matplotlib_data_chart' 不在 A/B/C 里

STAGE CHAIN FAILED — 1 个阶段没通过（产物与通行证在 artifacts\upper-bound\2024B-ingest-1\stages）。
===== 第 3 次 --stage-next =====
[STAGE CHAIN] artifacts\upper-bound\2024B-ingest-1\stages
  题面问数（数出来的）：4
[STAGE NEXT] 只跑了 'diagram'，到此即停。检查 artifacts\upper-bound\2024B-ingest-1\stages 后，放行 = 再执行一次 --stages --stage-next。
  ❌ diagram: 阶段产出未通过形态检查：ARCH_DECLARATION 里 'fig_q1_oc_curve_p1' 的 style_family 'matplotlib_data_chart' 不在 A/B/C 里

STAGE CHAIN FAILED — 1 个阶段没通过（产物与通行证在 artifacts\upper-bound\2024B-ingest-1\stages）。
===== 第 4 次 --stage-next =====
[STAGE CHAIN] artifacts\upper-bound\2024B-ingest-1\stages
  题面问数（数出来的）：4
[STAGE NEXT] 只跑了 'diagram'，到此即停。检查 artifacts\upper-bound\2024B-ingest-1\stages 后，放行 = 再执行一次 --stages --stage-next。
  ❌ diagram: 阶段产出未通过形态检查：ARCH_DECLARATION 里 'fig_q1_oc_curve_p1' 的 style_family 'matplotlib_data_chart' 不在 A/B/C 里

STAGE CHAIN FAILED — 1 个阶段没通过（产物与通行证在 artifacts\upper-bound\2024B-ingest-1\stages）。
===== 第 5 次 --stage-next =====
[STAGE CHAIN] artifacts\upper-bound\2024B-ingest-1\stages
  题面问数（数出来的）：4
[STAGE NEXT] 只跑了 'diagram'，到此即停。检查 artifacts\upper-bound\2024B-ingest-1\stages 后，放行 = 再执行一次 --stages --stage-next。
  ❌ diagram: 阶段产出未通过形态检查：ARCH_DECLARATION 里 'fig_q1_oc_curve_p1' 的 style_family 'matplotlib_data_chart' 不在 A/B/C 里

STAGE CHAIN FAILED — 1 个阶段没通过（产物与通行证在 artifacts\upper-bound\2024B-ingest-1\stages）。
===== 第 6 次 --stage-next =====
[STAGE CHAIN] artifacts\upper-bound\2024B-ingest-1\stages
  题面问数（数出来的）：4
[STAGE NEXT] 只跑了 'diagram'，到此即停。检查 artifacts\upper-bound\2024B-ingest-1\stages 后，放行 = 再执行一次 --stages --stage-next。
  ❌ diagram: 阶段产出未通过形态检查：ARCH_DECLARATION 里 'fig_q1_oc_curve_p1' 的 style_family 'matplotlib_data_chart' 不在 A/B/C 里

STAGE CHAIN FAILED — 1 个阶段没通过（产物与通行证在 artifacts\upper-bound\2024B-ingest-1\stages）。
===== 第 7 次 --stage-next =====
[STAGE CHAIN] artifacts\upper-bound\2024B-ingest-1\stages
  题面问数（数出来的）：4
[STAGE NEXT] 只跑了 'diagram'，到此即停。检查 artifacts\upper-bound\2024B-ingest-1\stages 后，放行 = 再执行一次 --stages --stage-next。
  ❌ diagram: 阶段产出未通过形态检查：ARCH_DECLARATION 里 'fig_q1_oc_curve_p1' 的 style_family 'matplotlib_data_chart' 不在 A/B/C 里

STAGE CHAIN FAILED — 1 个阶段没通过（产物与通行证在 artifacts\upper-bound\2024B-ingest-1\stages）。
===== 第 8 次 --stage-next =====
[STAGE CHAIN] artifacts\upper-bound\2024B-ingest-1\stages
  题面问数（数出来的）：4
[STAGE NEXT] 只跑了 'diagram'，到此即停。检查 artifacts\upper-bound\2024B-ingest-1\stages 后，放行 = 再执行一次 --stages --stage-next。
  ❌ diagram: 阶段产出未通过形态检查：ARCH_DECLARATION 里 'fig_q1_oc_curve_p1' 的 style_family 'matplotlib_data_chart' 不在 A/B/C 里

STAGE CHAIN FAILED — 1 个阶段没通过（产物与通行证在 artifacts\upper-bound\2024B-ingest-1\stages）。
===== LOOP DONE =====
