===== 第 1 次 --stage-next =====
[STAGE CHAIN] artifacts\upper-bound\2024B-ingest-1\stages
  题面问数（数出来的）：4
[STAGE NEXT] 只跑了 'result-sources'，到此即停。检查 artifacts\upper-bound\2024B-ingest-1\stages 后，放行 = 再执行一次 --stages --stage-next。
  ❌ result-sources: 阶段产出未通过形态检查：铸数失败（35/41 条声明没能从真实产物里解析出有限数）：R-Q1-c-case1：json_path 'problem1.case95.c' 在 'outputs.json' 里 解析到 undefined —— 既不是有限数，也不是有限数构成的数组（允许：标量 / 一维序列 / 二维矩阵 / 三维张量；元素必须都是有限数）；R-Q1-c-case2：json_path 'problem1.case90.c' 在 'outputs.json' 里 解析到 undefined —— 既不是有限数，也不是有限数构成的数组（允许：标量 / 一维序列 / 二维矩阵 / 三维张量；元素必须都是有限数）；R-Q1-oc-defect-grid：json_path 'problem1.oc_curve.p' 在 'outputs.json' 里 解析到 undefined —— 既不是有限数，也不是有限数构成的数组（允许：标量 / 一维序列 / 二维矩阵 / 三维张量；元素必须都是有限数）；R-Q1-oc-accept-grid：json_path 'problem1.oc_curve.accept_prob' 在 'outputs.json' 里 解析到 undefined —— 既不是有限数，也不是有限数构成的数组（允许：标量 / 一维序列 / 二维矩阵 / 三维张量；元素必须都是有限数）；R-Q2-case1-profit：json_path 'problem2.cases[0].profit' 在 'outputs.json' 里 解析到 undefined —— 既不是有限数，也不是有限数构成的数组（允许：标量 / 一维序列 / 二维矩阵 / 三维张量；元素必须都是有限数）；R-Q2-case2-profit：json_path 'problem2.cases[1].profit' 在 'outputs.json' 里 解析到 undefined —— 既不是有限数，也不是有限数构成的数组（允许：标量 / 一维序列 / 二维矩阵 / 三维张量；元素必须都是有限数）（原始回答已留档：_rejected-answer.txt）

STAGE CHAIN FAILED — 1 个阶段没通过（产物与通行证在 artifacts\upper-bound\2024B-ingest-1\stages）。
===== 第 2 次 --stage-next =====
[STAGE CHAIN] artifacts\upper-bound\2024B-ingest-1\stages
  题面问数（数出来的）：4
[STAGE NEXT] 只跑了 'result-sources'，到此即停。检查 artifacts\upper-bound\2024B-ingest-1\stages 后，放行 = 再执行一次 --stages --stage-next。
  ❌ result-sources: 阶段产出未通过形态检查：铸数失败（39/50 条声明没能从真实产物里解析出有限数）：R-Q1-c-case95：json_path 'problem1.case95.c' 在 'outputs.json' 里 解析到 undefined —— 既不是有限数，也不是有限数构成的数组（允许：标量 / 一维序列 / 二维矩阵 / 三维张量；元素必须都是有限数）；R-Q1-c-case90：json_path 'problem1.case90.c' 在 'outputs.json' 里 解析到 undefined —— 既不是有限数，也不是有限数构成的数组（允许：标量 / 一维序列 / 二维矩阵 / 三维张量；元素必须都是有限数）；R-Q1-oc-p：json_path 'problem1.oc_curve.p' 在 'outputs.json' 里 解析到 undefined —— 既不是有限数，也不是有限数构成的数组（允许：标量 / 一维序列 / 二维矩阵 / 三维张量；元素必须都是有限数）；R-Q1-oc-L：json_path 'problem1.oc_curve.L' 在 'outputs.json' 里 解析到 undefined —— 既不是有限数，也不是有限数构成的数组（允许：标量 / 一维序列 / 二维矩阵 / 三维张量；元素必须都是有限数）；R-Q1-sampling-cost-case1：json_path 'problem1.sampling_cost.case1' 在 'outputs.json' 里 解析到 undefined —— 既不是有限数，也不是有限数构成的数组（允许：标量 / 一维序列 / 二维矩阵 / 三维张量；元素必须都是有限数）；R-Q1-sampling-cost-case2：json_path 'problem1.sampling_cost.case2' 在 'outputs.json' 里 解析到 undefined —— 既不是有限数，也不是有限数构成的数组（允许：标量 / 一维序列 / 二维矩阵 / 三维张量；元素必须都是有限数）（原始回答已留档：_rejected-answer.txt）

STAGE CHAIN FAILED — 1 个阶段没通过（产物与通行证在 artifacts\upper-bound\2024B-ingest-1\stages）。
===== 第 3 次 --stage-next =====
[STAGE CHAIN] artifacts\upper-bound\2024B-ingest-1\stages
  题面问数（数出来的）：4
[STAGE NEXT] 只跑了 'result-sources'，到此即停。检查 artifacts\upper-bound\2024B-ingest-1\stages 后，放行 = 再执行一次 --stages --stage-next。
  ❌ result-sources: 阶段产出未通过形态检查：铸数失败（100/102 条声明没能从真实产物里解析出有限数）：R-Q1-n-case1：json_path 'problem1.case1.n' 在 'outputs.json' 里 解析到 undefined —— 既不是有限数，也不是有限数构成的数组（允许：标量 / 一维序列 / 二维矩阵 / 三维张量；元素必须都是有限数）；R-Q1-c-case1：json_path 'problem1.case1.c' 在 'outputs.json' 里 解析到 undefined —— 既不是有限数，也不是有限数构成的数组（允许：标量 / 一维序列 / 二维矩阵 / 三维张量；元素必须都是有限数）；R-Q1-sampling-cost-case1：json_path 'problem1.case1.sampling_cost' 在 'outputs.json' 里 解析到 undefined —— 既不是有限数，也不是有限数构成的数组（允许：标量 / 一维序列 / 二维矩阵 / 三维张量；元素必须都是有限数）；R-Q1-n-case2：json_path 'problem1.case2.n' 在 'outputs.json' 里 解析到 undefined —— 既不是有限数，也不是有限数构成的数组（允许：标量 / 一维序列 / 二维矩阵 / 三维张量；元素必须都是有限数）；R-Q1-c-case2：json_path 'problem1.case2.c' 在 'outputs.json' 里 解析到 undefined —— 既不是有限数，也不是有限数构成的数组（允许：标量 / 一维序列 / 二维矩阵 / 三维张量；元素必须都是有限数）；R-Q1-sampling-cost-case2：json_path 'problem1.case2.sampling_cost' 在 'outputs.json' 里 解析到 undefined —— 既不是有限数，也不是有限数构成的数组（允许：标量 / 一维序列 / 二维矩阵 / 三维张量；元素必须都是有限数）（原始回答已留档：_rejected-answer.txt）

STAGE CHAIN FAILED — 1 个阶段没通过（产物与通行证在 artifacts\upper-bound\2024B-ingest-1\stages）。
===== 第 4 次 --stage-next =====
[STAGE CHAIN] artifacts\upper-bound\2024B-ingest-1\stages
  题面问数（数出来的）：4
[STAGE NEXT] 只跑了 'result-sources'，到此即停。检查 artifacts\upper-bound\2024B-ingest-1\stages 后，放行 = 再执行一次 --stages --stage-next。
  ❌ result-sources: 阶段产出未通过形态检查：铸数失败（125/131 条声明没能从真实产物里解析出有限数）：R-Q1-n-case95：json_path 'problem1.case95.n_star' 在 'outputs.json' 里 解析到 undefined —— 既不是有限数，也不是有限数构成的数组（允许：标量 / 一维序列 / 二维矩阵 / 三维张量；元素必须都是有限数）；R-Q1-c-case95：json_path 'problem1.case95.c_star' 在 'outputs.json' 里 解析到 undefined —— 既不是有限数，也不是有限数构成的数组（允许：标量 / 一维序列 / 二维矩阵 / 三维张量；元素必须都是有限数）；R-Q1-n-case90：json_path 'problem1.case90.n_star' 在 'outputs.json' 里 解析到 undefined —— 既不是有限数，也不是有限数构成的数组（允许：标量 / 一维序列 / 二维矩阵 / 三维张量；元素必须都是有限数）；R-Q1-c-case90：json_path 'problem1.case90.c_star' 在 'outputs.json' 里 解析到 undefined —— 既不是有限数，也不是有限数构成的数组（允许：标量 / 一维序列 / 二维矩阵 / 三维张量；元素必须都是有限数）；R-Q1-oc-p-grid：json_path 'problem1.oc_curve.p' 在 'outputs.json' 里 解析到 undefined —— 既不是有限数，也不是有限数构成的数组（允许：标量 / 一维序列 / 二维矩阵 / 三维张量；元素必须都是有限数）；R-Q1-oc-accept-prob：json_path 'problem1.oc_curve.prob_accept' 在 'outputs.json' 里 解析到 undefined —— 既不是有限数，也不是有限数构成的数组（允许：标量 / 一维序列 / 二维矩阵 / 三维张量；元素必须都是有限数）（原始回答已留档：_rejected-answer.txt）

STAGE CHAIN FAILED — 1 个阶段没通过（产物与通行证在 artifacts\upper-bound\2024B-ingest-1\stages）。
===== 第 5 次 --stage-next =====
[STAGE CHAIN] artifacts\upper-bound\2024B-ingest-1\stages
  题面问数（数出来的）：4
[STAGE NEXT] 只跑了 'result-sources'，到此即停。检查 artifacts\upper-bound\2024B-ingest-1\stages 后，放行 = 再执行一次 --stages --stage-next。
  ❌ result-sources: 阶段产出未通过形态检查：铸数失败（94/103 条声明没能从真实产物里解析出有限数）：R-Q1-c-case95：json_path 'problem1.case95.c' 在 'outputs.json' 里 解析到 undefined —— 既不是有限数，也不是有限数构成的数组（允许：标量 / 一维序列 / 二维矩阵 / 三维张量；元素必须都是有限数）；R-Q1-c-case90：json_path 'problem1.case90.c' 在 'outputs.json' 里 解析到 undefined —— 既不是有限数，也不是有限数构成的数组（允许：标量 / 一维序列 / 二维矩阵 / 三维张量；元素必须都是有限数）；R-Q1-oc-p：json_path 'problem1.oc_curve.p' 在 'outputs.json' 里 解析到 undefined —— 既不是有限数，也不是有限数构成的数组（允许：标量 / 一维序列 / 二维矩阵 / 三维张量；元素必须都是有限数）；R-Q1-oc-accept-prob：json_path 'problem1.oc_curve.accept_prob' 在 'outputs.json' 里 解析到 undefined —— 既不是有限数，也不是有限数构成的数组（允许：标量 / 一维序列 / 二维矩阵 / 三维张量；元素必须都是有限数）；R-Q1-n-vs-confidence-n：json_path 'problem1.sample_size_vs_confidence.n' 在 'outputs.json' 里 解析到 undefined —— 既不是有限数，也不是有限数构成的数组（允许：标量 / 一维序列 / 二维矩阵 / 三维张量；元素必须都是有限数）；R-Q1-sampling-cost-case1：json_path 'problem1.sampling_cost_case1' 在 'outputs.json' 里 解析到 undefined —— 既不是有限数，也不是有限数构成的数组（允许：标量 / 一维序列 / 二维矩阵 / 三维张量；元素必须都是有限数）（原始回答已留档：_rejected-answer.txt）

STAGE CHAIN FAILED — 1 个阶段没通过（产物与通行证在 artifacts\upper-bound\2024B-ingest-1\stages）。
===== 第 6 次 --stage-next =====
[STAGE CHAIN] artifacts\upper-bound\2024B-ingest-1\stages
  题面问数（数出来的）：4
[STAGE NEXT] 只跑了 'result-sources'，到此即停。检查 artifacts\upper-bound\2024B-ingest-1\stages 后，放行 = 再执行一次 --stages --stage-next。
  ❌ result-sources: 阶段产出未通过形态检查：铸数失败（91/96 条声明没能从真实产物里解析出有限数）：R-Q1-c-case95：json_path 'problem1.case95.c' 在 'outputs.json' 里 解析到 undefined —— 既不是有限数，也不是有限数构成的数组（允许：标量 / 一维序列 / 二维矩阵 / 三维张量；元素必须都是有限数）；R-Q1-power-case95：json_path 'problem1.case95.power' 在 'outputs.json' 里 解析到 undefined —— 既不是有限数，也不是有限数构成的数组（允许：标量 / 一维序列 / 二维矩阵 / 三维张量；元素必须都是有限数）；R-Q1-c-case90：json_path 'problem1.case90.c' 在 'outputs.json' 里 解析到 undefined —— 既不是有限数，也不是有限数构成的数组（允许：标量 / 一维序列 / 二维矩阵 / 三维张量；元素必须都是有限数）；R-Q1-level-case90：json_path 'problem1.case90.level' 在 'outputs.json' 里 解析到 undefined —— 既不是有限数，也不是有限数构成的数组（允许：标量 / 一维序列 / 二维矩阵 / 三维张量；元素必须都是有限数）；R-Q1-oc-accept：json_path 'problem1.oc_curve.accept_prob' 在 'outputs.json' 里 解析到 undefined —— 既不是有限数，也不是有限数构成的数组（允许：标量 / 一维序列 / 二维矩阵 / 三维张量；元素必须都是有限数）；R-Q1-sampling-cost：json_path 'problem1.sampling_cost.case1' 在 'outputs.json' 里 解析到 undefined —— 既不是有限数，也不是有限数构成的数组（允许：标量 / 一维序列 / 二维矩阵 / 三维张量；元素必须都是有限数）（原始回答已留档：_rejected-answer.txt）

STAGE CHAIN FAILED — 1 个阶段没通过（产物与通行证在 artifacts\upper-bound\2024B-ingest-1\stages）。
===== 第 7 次 --stage-next =====
