===== 第 1 次 --stage-next =====
[STAGE CHAIN] artifacts\upper-bound\2024B-ingest-1\stages
  题面问数（数出来的）：4
  [deterministic] code: 分片 1/6 交付 code/main.py
  [deterministic] code: 分片 2/6 交付 code/problem1.py
  [deterministic] code: 分片 3/6 交付 code/problem2.py
  [deterministic] code: 分片 4/6 交付 code/problem3.py
  [deterministic] code: 分片 5/6 交付 code/problem4.py
  [deterministic] code: 分片 6/6 交付 *
  [deterministic] code: 逐节点审计（glm-5.3-flash-free）：pass，质量分 0.85，要求 11/11 项完成，5 条 findings
[STAGE NEXT] 只跑了 'code'，到此即停。检查 artifacts\upper-bound\2024B-ingest-1\stages 后，放行 = 再执行一次 --stages --stage-next。
  🟡 code: 门禁全过但**有 1 条无法判定**（delivery_audit）——已如实记在通行证上（`cleanliness: unverified-gates`）；这些缺口使本阶段不能计入 CLEAN。

STAGE CHAIN OK — 1 个阶段签发通行证（其中 1 个带未判定门禁，缺口已记在 PASSED 上）。产物在 artifacts\upper-bound\2024B-ingest-1\stages
===== 第 2 次 --stage-next =====
[STAGE CHAIN] artifacts\upper-bound\2024B-ingest-1\stages
  题面问数（数出来的）：4
[STAGE NEXT] 只跑了 'result-sources'，到此即停。检查 artifacts\upper-bound\2024B-ingest-1\stages 后，放行 = 再执行一次 --stages --stage-next。
  ❌ result-sources: 阶段产出未通过形态检查：铸数失败（20/84 条声明没能从真实产物里解析出有限数）：problem1.minimality.case95_prev_infeasible：json_path 'problem1.minimality.case95_prev_infeasible' 在 'outputs.json' 里 解析到 true —— 既不是有限数，也不是有限数构成的数组（允许：标量 / 一维序列 / 二维矩阵 / 三维张量；元素必须都是有限数）；problem1.minimality.case90_prev_infeasible：json_path 'problem1.minimality.case90_prev_infeasible' 在 'outputs.json' 里 解析到 true —— 既不是有限数，也不是有限数构成的数组（允许：标量 / 一维序列 / 二维矩阵 / 三维张量；元素必须都是有限数）；problem1.sampling_cost：json_path 'problem1.sampling_cost' 在 'outputs.json' 里 解析到 {"unit_cost_part1":2,"unit_cost_part2":3,"n_case95":368,"n_case90":288,"part1_case95":736,"part2_case95":1104,"part1_case90":576,"part2_case90":864,"note":"单位检测成本取表 1 零配件检测成本（题面唯一给出的零配件检测成本口径）"} —— 既不是有限数，也不是有限数构成的数组（允许：标量 / 一维序列 / 二维矩阵 / 三维张量；元素必须都是有限数）；problem2.cases[0].strategies：json_path 'problem2.cases[0].strategies' 在 'outputs.json' 里 解析到 [{"Z1":0,"Z2":0,"C":0,"D":1,"U":34.319615912208505,"profit":21.680384087791495,"q":0.7290000000000001},{"Z1":1,"Z2":0,"C":0,"D":1,"U":35.123456790123456,"profit":20.876543209876544,"q":0.81},{"Z1":0,"Z2":0,"C":1,"D":1,"U":36.204389574759944,"profit":19.795610425240056,"q":0.7290000000000001},{"Z1":1,"Z2":0,"C":1,"D":1,"U":37.419753086419746,"profit":18.580246913580254,"q":0.81},{"Z1":0,"Z2":1,"C":0,"D":1,"U":38.02469135802468,"profit":17.975308641975317,"q":0.81},{"Z1":1,"Z2":1,"C":0,"D":1,"U":38.44444444444444,"profit":17.555555555555557,"q":0.9},{"Z1":1,"Z2":0,"C":0,"D":0,"U":39.267489711934154,"profit":16.732510288065846,"q":0.81},{"Z1":0,"Z2":1,"C":1,"D":1,"U":40.32098765432098,"profit":15.67901234567902,"q":0.81},{"Z1":0,"Z2":0,"C":0,"D":0,"U":40.639231824417,"profit":15.360768175582997,"q":0.7290000000000001},{"Z1":1,"Z2":1,"C":0,"D":0,"U":40.666666666666664,"profit":15.333333333333336,"q":0.9},{"Z1":1,"Z2":1,"C":1,"D":1,"U":41.111111111111114,"profit":14.888888888888886,"q":0.9},{"Z1":1,"Z2":0,"C":1,"D":0,"U":41.563786008230444,"profit":14.436213991769556,"q":0.81},{"Z1":0,"Z2":0,"C":1,"D":0,"U":42.52400548696844,"profit":13.475994513031559,"q":0.7290000000000001},{"Z1":0,"Z2":1,"C":0,"D":0,"U":42.559670781893,"profit":13.440329218107003,"q":0.81},{"Z1":1,"Z2":1,"C":1,"D":0,"U":43.333333333333336,"profit":12.666666666666664,"q":0.9},{"Z1":0,"Z2":1,"C":1,"D":0,"U":44.855967078189295,"profit":11.144032921810705,"q":0.81}] —— 既不是有限数，也不是有限数构成的数组（允许：标量 / 一维序列 / 二维矩阵 / 三维张量；元素必须都是有限数）；problem2.cases[0].breakdown：json_path 'problem2.cases[0].breakdown' 在 'outputs.json' 里 解析到 {"purchase":22,"inspection_part":0,"assembly":8.23045267489712,"inspection_product":0,"disassembly":1.8587105624142652,"exchange_loss":2.2304526748971183} —— 既不是有限数，也不是有限数构成的数组（允许：标量 / 一维序列 / 二维矩阵 / 三维张量；元素必须都是有限数）；problem2.best_overall：json_path 'problem2.best_overall' 在 'outputs.json' 里 解析到 {"case":1,"decision":{"Z1":0,"Z2":0,"C":0,"D":1,"U":34.319615912208505,"profit":21.680384087791495,"q":0.7290000000000001,"kappa":22,"g":1}} —— 既不是有限数，也不是有限数构成的数组（允许：标量 / 一维序列 / 二维矩阵 / 三维张量；元素必须都是有限数）（原始回答已留档：_rejected-answer.txt）

STAGE CHAIN FAILED — 1 个阶段没通过（产物与通行证在 artifacts\upper-bound\2024B-ingest-1\stages）。
===== 第 3 次 --stage-next =====
[STAGE CHAIN] artifacts\upper-bound\2024B-ingest-1\stages
  题面问数（数出来的）：4
[STAGE NEXT] 只跑了 'result-sources'，到此即停。检查 artifacts\upper-bound\2024B-ingest-1\stages 后，放行 = 再执行一次 --stages --stage-next。
  ❌ result-sources: 阶段产出未通过形态检查：铸数失败（35/139 条声明没能从真实产物里解析出有限数）：R-Q1-minimality-case95：json_path 'problem1.minimality.case95_prev_infeasible' 在 'outputs.json' 里 解析到 true —— 既不是有限数，也不是有限数构成的数组（允许：标量 / 一维序列 / 二维矩阵 / 三维张量；元素必须都是有限数）；R-Q1-minimality-case90：json_path 'problem1.minimality.case90_prev_infeasible' 在 'outputs.json' 里 解析到 true —— 既不是有限数，也不是有限数构成的数组（允许：标量 / 一维序列 / 二维矩阵 / 三维张量；元素必须都是有限数）；R-Q2-c1-breakdown：json_path 'problem2.cases[0].breakdown' 在 'outputs.json' 里 解析到 {"purchase":22,"inspection_part":0,"assembly":8.23045267489712,"inspection_product":0,"disassembly":1.8587105624142652,"exchange_loss":2.2304526748971183} —— 既不是有限数，也不是有限数构成的数组（允许：标量 / 一维序列 / 二维矩阵 / 三维张量；元素必须都是有限数）；R-Q2-c1-strategies：json_path 'problem2.cases[0].strategies' 在 'outputs.json' 里 解析到 [{"Z1":0,"Z2":0,"C":0,"D":1,"U":34.319615912208505,"profit":21.680384087791495,"q":0.7290000000000001},{"Z1":1,"Z2":0,"C":0,"D":1,"U":35.123456790123456,"profit":20.876543209876544,"q":0.81},{"Z1":0,"Z2":0,"C":1,"D":1,"U":36.204389574759944,"profit":19.795610425240056,"q":0.7290000000000001},{"Z1":1,"Z2":0,"C":1,"D":1,"U":37.419753086419746,"profit":18.580246913580254,"q":0.81},{"Z1":0,"Z2":1,"C":0,"D":1,"U":38.02469135802468,"profit":17.975308641975317,"q":0.81},{"Z1":1,"Z2":1,"C":0,"D":1,"U":38.44444444444444,"profit":17.555555555555557,"q":0.9},{"Z1":1,"Z2":0,"C":0,"D":0,"U":39.267489711934154,"profit":16.732510288065846,"q":0.81},{"Z1":0,"Z2":1,"C":1,"D":1,"U":40.32098765432098,"profit":15.67901234567902,"q":0.81},{"Z1":0,"Z2":0,"C":0,"D":0,"U":40.639231824417,"profit":15.360768175582997,"q":0.7290000000000001},{"Z1":1,"Z2":1,"C":0,"D":0,"U":40.666666666666664,"profit":15.333333333333336,"q":0.9},{"Z1":1,"Z2":1,"C":1,"D":1,"U":41.111111111111114,"profit":14.888888888888886,"q":0.9},{"Z1":1,"Z2":0,"C":1,"D":0,"U":41.563786008230444,"profit":14.436213991769556,"q":0.81},{"Z1":0,"Z2":0,"C":1,"D":0,"U":42.52400548696844,"profit":13.475994513031559,"q":0.7290000000000001},{"Z1":0,"Z2":1,"C":0,"D":0,"U":42.559670781893,"profit":13.440329218107003,"q":0.81},{"Z1":1,"Z2":1,"C":1,"D":0,"U":43.333333333333336,"profit":12.666666666666664,"q":0.9},{"Z1":0,"Z2":1,"C":1,"D":0,"U":44.855967078189295,"profit":11.144032921810705,"q":0.81}] —— 既不是有限数，也不是有限数构成的数组（允许：标量 / 一维序列 / 二维矩阵 / 三维张量；元素必须都是有限数）；R-Q2-c2-breakdown：json_path 'problem2.cases[1].breakdown' 在 'outputs.json' 里 解析到 {"purchase":23,"inspection_part":3.624999999999999,"assembly":9.374999999999996,"inspection_product":0,"disassembly":2.8124999999999982,"exchange_loss":3.3749999999999982} —— 既不是有限数，也不是有限数构成的数组（允许：标量 / 一维序列 / 二维矩阵 / 三维张量；元素必须都是有限数）；R-Q2-c2-strategies：json_path 'problem2.cases[1].strategies' 在 'outputs.json' 里 解析到 [{"Z1":1,"Z2":0,"C":0,"D":1,"U":42.18749999999999,"profit":13.812500000000007,"q":0.6400000000000001},{"Z1":1,"Z2":0,"C":1,"D":1,"U":43.49999999999999,"profit":12.500000000000007,"q":0.6400000000000001},{"Z1":0,"Z2":0,"C":0,"D":1,"U":44.20312499999999,"profit":11.796875000000007,"q":0.5120000000000001},{"Z1":0,"Z2":0,"C":1,"D":1,"U":44.34374999999999,"profit":11.656250000000007,"q":0.5120000000000001},{"Z1":1,"Z2":1,"C":0,"D":1,"U":45.25,"profit":10.75,"q":0.8},{"Z1":0,"Z2":1,"C":0,"D":1,"U":47.49999999999999,"profit":8.500000000000007,"q":0.6400000000000001},{"Z1":1,"Z2":1,"C":1,"D":1,"U":47.5,"profit":8.5,"q":0.8},{"Z1":0,"Z2":1,"C":1,"D":1,"U":48.81249999999999,"profit":7.187500000000007,"q":0.6400000000000001},{"Z1":1,"Z2":1,"C":0,"D":0,"U":51.1875,"profit":4.8125,"q":0.8},{"Z1":1,"Z2":0,"C":0,"D":0,"U":52.593749999999986,"profit":3.406250000000014,"q":0.6400000000000001},{"Z1":1,"Z2":1,"C":1,"D":0,"U":53.4375,"profit":2.5625,"q":0.8},{"Z1":1,"Z2":0,"C":1,"D":0,"U":53.90624999999999,"profit":2.093750000000007,"q":0.6400000000000001},{"Z1":0,"Z2":1,"C":0,"D":0,"U":60.015624999999986,"profit":-4.015624999999986,"q":0.6400000000000001},{"Z1":0,"Z2":0,"C":0,"D":0,"U":60.40624999999998,"profit":-4.406249999999979,"q":0.5120000000000001},{"Z1":0,"Z2":0,"C":1,"D":0,"U":60.546874999999986,"profit":-4.546874999999986,"q":0.5120000000000001},{"Z1":0,"Z2":1,"C":1,"D":0,"U":61.328124999999986,"profit":-5.328124999999986,"q":0.6400000000000001}] —— 既不是有限数，也不是有限数构成的数组（允许：标量 / 一维序列 / 二维矩阵 / 三维张量；元素必须都是有限数）（原始回答已留档：_rejected-answer.txt）

STAGE CHAIN FAILED — 1 个阶段没通过（产物与通行证在 artifacts\upper-bound\2024B-ingest-1\stages）。
===== 第 4 次 --stage-next =====
[STAGE CHAIN] artifacts\upper-bound\2024B-ingest-1\stages
  题面问数（数出来的）：4
[STAGE NEXT] 只跑了 'result-sources'，到此即停。检查 artifacts\upper-bound\2024B-ingest-1\stages 后，放行 = 再执行一次 --stages --stage-next。
  ❌ result-sources: 阶段产出未通过形态检查：铸数失败（23/134 条声明没能从真实产物里解析出有限数）：R-Q1-CASE95-MINIMAL：json_path 'problem1.minimality.case95_prev_infeasible' 在 'outputs.json' 里 解析到 true —— 既不是有限数，也不是有限数构成的数组（允许：标量 / 一维序列 / 二维矩阵 / 三维张量；元素必须都是有限数）；R-Q1-CASE90-MINIMAL：json_path 'problem1.minimality.case90_prev_infeasible' 在 'outputs.json' 里 解析到 true —— 既不是有限数，也不是有限数构成的数组（允许：标量 / 一维序列 / 二维矩阵 / 三维张量；元素必须都是有限数）；R-Q2-C1-STRATEGY-U-SERIES：json_path 'problem2.cases[0].strategies[*].U' 在 'outputs.json' 里 解析到 undefined —— 既不是有限数，也不是有限数构成的数组（允许：标量 / 一维序列 / 二维矩阵 / 三维张量；元素必须都是有限数）；R-Q3-BEST-Z：json_path 'problem3.best.Z' 在 'outputs.json' 里 解析到 {"P":0,"S3":1,"part8":0,"part7":1,"S2":1,"part6":0,"part5":1,"part4":1,"S1":1,"part3":0,"part2":1,"part1":1} —— 既不是有限数，也不是有限数构成的数组（允许：标量 / 一维序列 / 二维矩阵 / 三维张量；元素必须都是有限数）；R-Q3-BEST-D：json_path 'problem3.best.D' 在 'outputs.json' 里 解析到 {"P":1,"S3":1,"part8":0,"part7":0,"S2":1,"part6":0,"part5":0,"part4":0,"S1":1,"part3":0,"part2":0,"part1":0} —— 既不是有限数，也不是有限数构成的数组（允许：标量 / 一维序列 / 二维矩阵 / 三维张量；元素必须都是有限数）；R-Q3-NODE-U-SERIES：json_path 'problem3.node_cost[*].U' 在 'outputs.json' 里 解析到 undefined —— 既不是有限数，也不是有限数构成的数组（允许：标量 / 一维序列 / 二维矩阵 / 三维张量；元素必须都是有限数）（原始回答已留档：_rejected-answer.txt）

STAGE CHAIN FAILED — 1 个阶段没通过（产物与通行证在 artifacts\upper-bound\2024B-ingest-1\stages）。
===== 第 5 次 --stage-next =====
[STAGE CHAIN] artifacts\upper-bound\2024B-ingest-1\stages
  题面问数（数出来的）：4
[STAGE NEXT] 只跑了 'result-sources'，到此即停。检查 artifacts\upper-bound\2024B-ingest-1\stages 后，放行 = 再执行一次 --stages --stage-next。
  ❌ result-sources: 阶段产出未通过形态检查：铸数失败（21/156 条声明没能从真实产物里解析出有限数）：q1_minimal_case95：json_path 'problem1.minimality.case95_prev_infeasible' 在 'outputs.json' 里 解析到 true —— 既不是有限数，也不是有限数构成的数组（允许：标量 / 一维序列 / 二维矩阵 / 三维张量；元素必须都是有限数）；q1_minimal_case90：json_path 'problem1.minimality.case90_prev_infeasible' 在 'outputs.json' 里 解析到 true —— 既不是有限数，也不是有限数构成的数组（允许：标量 / 一维序列 / 二维矩阵 / 三维张量；元素必须都是有限数）；q2_c1_unit_cost：json_path 'problem2.cases[0].best.unit_cost' 在 'outputs.json' 里 解析到 undefined —— 既不是有限数，也不是有限数构成的数组（允许：标量 / 一维序列 / 二维矩阵 / 三维张量；元素必须都是有限数）；q2_c2_unit_cost：json_path 'problem2.cases[1].best.unit_cost' 在 'outputs.json' 里 解析到 undefined —— 既不是有限数，也不是有限数构成的数组（允许：标量 / 一维序列 / 二维矩阵 / 三维张量；元素必须都是有限数）；q2_c3_unit_cost：json_path 'problem2.cases[2].best.unit_cost' 在 'outputs.json' 里 解析到 undefined —— 既不是有限数，也不是有限数构成的数组（允许：标量 / 一维序列 / 二维矩阵 / 三维张量；元素必须都是有限数）；q2_c4_unit_cost：json_path 'problem2.cases[3].best.unit_cost' 在 'outputs.json' 里 解析到 undefined —— 既不是有限数，也不是有限数构成的数组（允许：标量 / 一维序列 / 二维矩阵 / 三维张量；元素必须都是有限数）（原始回答已留档：_rejected-answer.txt）

STAGE CHAIN FAILED — 1 个阶段没通过（产物与通行证在 artifacts\upper-bound\2024B-ingest-1\stages）。
===== 第 6 次 --stage-next =====
[STAGE CHAIN] artifacts\upper-bound\2024B-ingest-1\stages
  题面问数（数出来的）：4
[STAGE NEXT] 只跑了 'result-sources'，到此即停。检查 artifacts\upper-bound\2024B-ingest-1\stages 后，放行 = 再执行一次 --stages --stage-next。
  ❌ result-sources: 阶段产出未通过形态检查：铸数失败（27/95 条声明没能从真实产物里解析出有限数）：R-Q2-best-Z1：json_path 'problem2.cases[*].best.Z1' 在 'outputs.json' 里 解析到 undefined —— 既不是有限数，也不是有限数构成的数组（允许：标量 / 一维序列 / 二维矩阵 / 三维张量；元素必须都是有限数）；R-Q2-best-Z2：json_path 'problem2.cases[*].best.Z2' 在 'outputs.json' 里 解析到 undefined —— 既不是有限数，也不是有限数构成的数组（允许：标量 / 一维序列 / 二维矩阵 / 三维张量；元素必须都是有限数）；R-Q2-best-C：json_path 'problem2.cases[*].best.C' 在 'outputs.json' 里 解析到 undefined —— 既不是有限数，也不是有限数构成的数组（允许：标量 / 一维序列 / 二维矩阵 / 三维张量；元素必须都是有限数）；R-Q2-best-D：json_path 'problem2.cases[*].best.D' 在 'outputs.json' 里 解析到 undefined —— 既不是有限数，也不是有限数构成的数组（允许：标量 / 一维序列 / 二维矩阵 / 三维张量；元素必须都是有限数）；R-Q2-best-U：json_path 'problem2.cases[*].best.U' 在 'outputs.json' 里 解析到 undefined —— 既不是有限数，也不是有限数构成的数组（允许：标量 / 一维序列 / 二维矩阵 / 三维张量；元素必须都是有限数）；R-Q2-best-profit：json_path 'problem2.cases[*].best.profit' 在 'outputs.json' 里 解析到 undefined —— 既不是有限数，也不是有限数构成的数组（允许：标量 / 一维序列 / 二维矩阵 / 三维张量；元素必须都是有限数）（原始回答已留档：_rejected-answer.txt）

STAGE CHAIN FAILED — 1 个阶段没通过（产物与通行证在 artifacts\upper-bound\2024B-ingest-1\stages）。
===== LOOP DONE =====
