===== 第 1 次 --stage-next =====
[STAGE CHAIN] artifacts\upper-bound\2024B-ingest-1\stages
  题面问数（数出来的）：4
[STAGE NEXT] 只跑了 'modeling'，到此即停。检查 artifacts\upper-bound\2024B-ingest-1\stages 后，放行 = 再执行一次 --stages --stage-next。
  ❌ modeling: 阶段产出未通过形态检查：fetch failed

STAGE CHAIN FAILED — 1 个阶段没通过（产物与通行证在 artifacts\upper-bound\2024B-ingest-1\stages）。
===== 第 2 次 --stage-next =====
[STAGE CHAIN] artifacts\upper-bound\2024B-ingest-1\stages
  题面问数（数出来的）：4
[STAGE NEXT] 只跑了 'modeling'，到此即停。检查 artifacts\upper-bound\2024B-ingest-1\stages 后，放行 = 再执行一次 --stages --stage-next。
  ❌ modeling: 阶段产出未通过形态检查：fetch failed

STAGE CHAIN FAILED — 1 个阶段没通过（产物与通行证在 artifacts\upper-bound\2024B-ingest-1\stages）。
===== 第 3 次 --stage-next =====
[STAGE CHAIN] artifacts\upper-bound\2024B-ingest-1\stages
  题面问数（数出来的）：4
[STAGE NEXT] 只跑了 'modeling'，到此即停。检查 artifacts\upper-bound\2024B-ingest-1\stages 后，放行 = 再执行一次 --stages --stage-next。
  ❌ modeling: 阶段产出未通过形态检查：fetch failed

STAGE CHAIN FAILED — 1 个阶段没通过（产物与通行证在 artifacts\upper-bound\2024B-ingest-1\stages）。
===== 第 4 次 --stage-next =====
[STAGE CHAIN] artifacts\upper-bound\2024B-ingest-1\stages
  题面问数（数出来的）：4
[STAGE NEXT] 只跑了 'modeling'，到此即停。检查 artifacts\upper-bound\2024B-ingest-1\stages 后，放行 = 再执行一次 --stages --stage-next。
  ❌ modeling: 阶段产出未通过形态检查：fetch failed

STAGE CHAIN FAILED — 1 个阶段没通过（产物与通行证在 artifacts\upper-bound\2024B-ingest-1\stages）。
===== 第 5 次 --stage-next =====
[STAGE CHAIN] artifacts\upper-bound\2024B-ingest-1\stages
  题面问数（数出来的）：4
[STAGE NEXT] 只跑了 'modeling'，到此即停。检查 artifacts\upper-bound\2024B-ingest-1\stages 后，放行 = 再执行一次 --stages --stage-next。
  ❌ modeling: 阶段产出未通过形态检查：fetch failed

STAGE CHAIN FAILED — 1 个阶段没通过（产物与通行证在 artifacts\upper-bound\2024B-ingest-1\stages）。
===== 第 6 次 --stage-next =====
[STAGE CHAIN] artifacts\upper-bound\2024B-ingest-1\stages
  题面问数（数出来的）：4
[STAGE NEXT] 只跑了 'modeling'，到此即停。检查 artifacts\upper-bound\2024B-ingest-1\stages 后，放行 = 再执行一次 --stages --stage-next。
  ❌ modeling: 阶段产出未通过形态检查：模型请求失败（已重试 4 次）：fetch failed（底层原因：fetch failed ← Headers Timeout Error code=UND_ERR_HEADERS_TIMEOUT）

STAGE CHAIN FAILED — 1 个阶段没通过（产物与通行证在 artifacts\upper-bound\2024B-ingest-1\stages）。
===== 第 7 次 --stage-next =====
[STAGE CHAIN] artifacts\upper-bound\2024B-ingest-1\stages
  题面问数（数出来的）：4
  [deterministic] code: 分片 1/7 交付 code/main.py
  [deterministic] code: 分片 2/7 交付 code/params.py
[provider] 传输失败第 1 次（2s 后重试）：fetch failed（底层原因：fetch failed ← Headers Timeout Error code=UND_ERR_HEADERS_TIMEOUT）
  [deterministic] code: 分片 3/7 交付 code/problem1.py
[provider] 传输失败第 1 次（2s 后重试）：fetch failed（底层原因：fetch failed ← Headers Timeout Error code=UND_ERR_HEADERS_TIMEOUT）
[provider] 传输失败第 2 次（3s 后重试）：fetch failed（底层原因：fetch failed ← Headers Timeout Error code=UND_ERR_HEADERS_TIMEOUT）
  [deterministic] code: 分片 4/7 交付 code/problem2.py
[provider] 传输失败第 1 次（2s 后重试）：fetch failed（底层原因：fetch failed ← Headers Timeout Error code=UND_ERR_HEADERS_TIMEOUT）
[provider] 传输失败第 3 次（6s 后重试）：fetch failed（底层原因：fetch failed ← Headers Timeout Error code=UND_ERR_HEADERS_TIMEOUT）
[provider] 传输失败第 1 次（2s 后重试）：fetch failed（底层原因：fetch failed ← Headers Timeout Error code=UND_ERR_HEADERS_TIMEOUT）
[provider] 传输失败第 2 次（3s 后重试）：fetch failed（底层原因：fetch failed ← Headers Timeout Error code=UND_ERR_HEADERS_TIMEOUT）
[provider] 传输失败第 3 次（6s 后重试）：fetch failed（底层原因：fetch failed ← Connect Timeout Error (attempted addresses: 2606:4700:78::90:0:140:443, 172.65.90.20:443, 2606:4700:78::90:0:143:443, 172.65.90.23:443, 2606:4700:78::90:0:142:443, 172.65.90.22:443, 2606:4700:78::90:0:141:443, 172.65.90.21:443, timeout: 10000ms) code=UND_ERR_CONNECT_TIMEOUT）
[STAGE NEXT] 只跑了 'code'，到此即停。检查 artifacts\upper-bound\2024B-ingest-1\stages 后，放行 = 再执行一次 --stages --stage-next。
  ❌ code: 阶段产出未通过形态检查：provider http 503 

STAGE CHAIN FAILED — 1 个阶段没通过（产物与通行证在 artifacts\upper-bound\2024B-ingest-1\stages）。
===== 第 8 次 --stage-next =====
[STAGE CHAIN] artifacts\upper-bound\2024B-ingest-1\stages
  题面问数（数出来的）：4
  [deterministic] code: 分片 1/7 交付 code/main.py
  [deterministic] code: 分片 2/7 交付 code/params.py
[provider] 传输失败第 1 次（2s 后重试）：fetch failed（底层原因：fetch failed ← Headers Timeout Error code=UND_ERR_HEADERS_TIMEOUT）
[provider] 传输失败第 2 次（3s 后重试）：fetch failed（底层原因：fetch failed ← Headers Timeout Error code=UND_ERR_HEADERS_TIMEOUT）
[provider] 传输失败第 3 次（6s 后重试）：fetch failed（底层原因：fetch failed ← Headers Timeout Error code=UND_ERR_HEADERS_TIMEOUT）
  [deterministic] code: 分片 3/7 交付 code/problem1.py
[provider] 传输失败第 1 次（2s 后重试）：fetch failed（底层原因：fetch failed ← Headers Timeout Error code=UND_ERR_HEADERS_TIMEOUT）
[provider] 传输失败第 2 次（3s 后重试）：fetch failed（底层原因：fetch failed ← Headers Timeout Error code=UND_ERR_HEADERS_TIMEOUT）
[provider] 传输失败第 3 次（6s 后重试）：fetch failed（底层原因：fetch failed ← Headers Timeout Error code=UND_ERR_HEADERS_TIMEOUT）
[provider] 传输失败第 1 次（2s 后重试）：fetch failed（底层原因：fetch failed ← Headers Timeout Error code=UND_ERR_HEADERS_TIMEOUT）
  [deterministic] code: 分片 4/7 交付 code/problem2.py
[provider] 传输失败第 1 次（2s 后重试）：fetch failed（底层原因：fetch failed ← Headers Timeout Error code=UND_ERR_HEADERS_TIMEOUT）
[provider] 传输失败第 2 次（3s 后重试）：fetch failed（底层原因：fetch failed ← Headers Timeout Error code=UND_ERR_HEADERS_TIMEOUT）
[provider] 传输失败第 3 次（6s 后重试）：fetch failed（底层原因：fetch failed ← Headers Timeout Error code=UND_ERR_HEADERS_TIMEOUT）
[provider] 传输失败第 1 次（2s 后重试）：fetch failed（底层原因：fetch failed ← Headers Timeout Error code=UND_ERR_HEADERS_TIMEOUT）
[provider] 传输失败第 2 次（3s 后重试）：fetch failed（底层原因：fetch failed ← Headers Timeout Error code=UND_ERR_HEADERS_TIMEOUT）
[provider] 传输失败第 3 次（6s 后重试）：fetch failed（底层原因：fetch failed ← Headers Timeout Error code=UND_ERR_HEADERS_TIMEOUT）
[provider] 传输失败第 1 次（2s 后重试）：fetch failed（底层原因：fetch failed ← Headers Timeout Error code=UND_ERR_HEADERS_TIMEOUT）
[provider] 传输失败第 2 次（3s 后重试）：fetch failed（底层原因：fetch failed ← Headers Timeout Error code=UND_ERR_HEADERS_TIMEOUT）
[provider] 传输失败第 3 次（6s 后重试）：fetch failed（底层原因：fetch failed ← read ECONNRESET code=ECONNRESET）
[STAGE NEXT] 只跑了 'code'，到此即停。检查 artifacts\upper-bound\2024B-ingest-1\stages 后，放行 = 再执行一次 --stages --stage-next。
  ❌ code: 阶段产出未通过形态检查：模型请求失败（已重试 4 次）：fetch failed（底层原因：fetch failed ← Headers Timeout Error code=UND_ERR_HEADERS_TIMEOUT）

STAGE CHAIN FAILED — 1 个阶段没通过（产物与通行证在 artifacts\upper-bound\2024B-ingest-1\stages）。
===== 第 9 次 --stage-next =====
