[33mThe plugin "vite-tsconfig-paths" is detected. Vite now supports tsconfig paths resolution natively via the [1mresolve.tsconfigPaths[22m option. You can remove the plugin and set [1mresolve.tsconfigPaths: true[22m in your Vite config instead.[39m
[33mThe plugin "vite-tsconfig-paths" is detected. Vite now supports tsconfig paths resolution natively via the [1mresolve.tsconfigPaths[22m option. You can remove the plugin and set [1mresolve.tsconfigPaths: true[22m in your Vite config instead.[39m
[33mThe plugin "vite-tsconfig-paths" is detected. Vite now supports tsconfig paths resolution natively via the [1mresolve.tsconfigPaths[22m option. You can remove the plugin and set [1mresolve.tsconfigPaths: true[22m in your Vite config instead.[39m

[1m[30m[46m RUN [49m[39m[22m [36mv4.1.8 [39m[90m<repo>[39m

 [32m✓[39m [30m[45m thread-safe [49m[39m packages/paper/paper-foundation/tests/verification/v6-v7.spec.ts [2m([22m[2m10 tests[22m[2m)[22m[32m 232[2mms[22m[39m
 [32m✓[39m [30m[45m thread-safe [49m[39m packages/paper/paper-foundation/tests/rt-c3/redteam-rt-c3.spec.ts [2m([22m[2m23 tests[22m[2m)[22m[32m 101[2mms[22m[39m
 [32m✓[39m [30m[45m thread-safe [49m[39m packages/paper/paper-foundation/tests/ir/stale-engine.spec.ts [2m([22m[2m11 tests[22m[2m)[22m[33m 660[2mms[22m[39m
     [33m[2m✓[22m[39m the stale_detection critical gate is BLOCKED when the chain is STALE [33m 605[2mms[22m[39m
 [32m✓[39m [30m[45m thread-safe [49m[39m packages/paper/paper-foundation/tests/produce/execution-producer.spec.ts [2m([22m[2m3 tests[22m[2m)[22m[33m 671[2mms[22m[39m
     [33m[2m✓[22m[39m runs a real node child and commits RunArtifact + ExecutionRecord [33m 381[2mms[22m[39m
 [32m✓[39m [30m[45m thread-safe [49m[39m apps/paper-shell/tests/cassette.spec.ts [2m([22m[2m7 tests[22m[2m)[22m[32m 95[2mms[22m[39m
 [32m✓[39m [30m[45m thread-safe [49m[39m packages/paper/paper-foundation/tests/delivery/numeric-consistency.spec.ts [2m([22m[2m5 tests[22m[2m)[22m[32m 76[2mms[22m[39m
 [32m✓[39m [30m[45m thread-safe [49m[39m packages/paper/paper-foundation/tests/ir/redteam15.spec.ts [2m([22m[2m26 tests[22m[2m)[22m[32m 94[2mms[22m[39m
 [32m✓[39m [30m[45m thread-safe [49m[39m packages/paper/paper-foundation/tests/execution/capture-replay.spec.ts [2m([22m[2m17 tests[22m[2m)[22m[32m 51[2mms[22m[39m
 [32m✓[39m [30m[45m thread-safe [49m[39m packages/paper/paper-foundation/tests/delivery/figure-consistency.spec.ts [2m([22m[2m7 tests[22m[2m)[22m[32m 58[2mms[22m[39m
 [32m✓[39m [30m[45m thread-safe [49m[39m packages/paper/paper-foundation/tests/ir/redteam.spec.ts [2m([22m[2m34 tests[22m[2m)[22m[32m 70[2mms[22m[39m
[paper-preflight] early-gate {"type":"preflight_missing","missing":[{"kind":"persistence","interfaceName":"paper.persistence"},{"kind":"artifact_store","interfaceName":"paper.artifactStore"},{"kind":"verifier_registry","interfaceName":"paper.verifierRegistry"},{"kind":"hash_provider","interfaceName":"paper.hashProvider"}],"unknownConfig":[],"at":"2026-09-18T13:57:45.898Z"} at=2026-09-18T13:57:45.898Z
 [32m✓[39m [30m[45m thread-safe [49m[39m packages/paper/paper-foundation/tests/ir/redteam125.spec.ts [2m([22m[2m13 tests[22m[2m)[22m[32m 230[2mms[22m[39m
 [32m✓[39m [30m[45m thread-safe [49m[39m packages/paper/paper-foundation/tests/workflow-guards.spec.ts [2m([22m[2m12 tests[22m[2m)[22m[32m 243[2mms[22m[39m
 [32m✓[39m [30m[45m thread-safe [49m[39m packages/paper/paper-foundation/tests/executor-producer.spec.ts [2m([22m[2m2 tests[22m[2m)[22m[32m 290[2mms[22m[39m
 [32m✓[39m [30m[45m thread-safe [49m[39m packages/paper/paper-foundation/tests/runtime/integration.spec.ts [2m([22m[2m4 tests[22m[2m)[22m[32m 279[2mms[22m[39m
 [32m✓[39m [30m[45m thread-safe [49m[39m packages/paper/paper-foundation/tests/executor-context.spec.ts [2m([22m[2m3 tests[22m[2m)[22m[33m 303[2mms[22m[39m
 [32m✓[39m [30m[45m thread-safe [49m[39m packages/paper/paper-foundation/tests/executor-budget.spec.ts [2m([22m[2m3 tests[22m[2m)[22m[33m 317[2mms[22m[39m
 [32m✓[39m [30m[45m thread-safe [49m[39m packages/paper/paper-foundation/tests/ir/store.spec.ts [2m([22m[2m21 tests[22m[2m)[22m[32m 151[2mms[22m[39m
 [32m✓[39m [30m[45m thread-safe [49m[39m packages/paper/paper-foundation/tests/executor-shard.spec.ts [2m([22m[2m9 tests[22m[2m)[22m[33m 448[2mms[22m[39m
 [32m✓[39m [30m[45m thread-safe [49m[39m packages/paper/paper-foundation/tests/release-service.spec.ts [2m([22m[2m20 tests[22m[2m)[22m[33m 505[2mms[22m[39m
 [32m✓[39m [30m[45m thread-safe [49m[39m packages/paper/paper-foundation/tests/executor-resilience.spec.ts [2m([22m[2m5 tests[22m[2m)[22m[33m 434[2mms[22m[39m
 [32m✓[39m [30m[45m thread-safe [49m[39m packages/paper/paper-foundation/tests/executor-ir-bridge.spec.ts [2m([22m[2m8 tests[22m[2m)[22m[33m 529[2mms[22m[39m
 [32m✓[39m [30m[45m thread-safe [49m[39m packages/paper/paper-foundation/tests/migration.spec.ts [2m([22m[2m14 tests[22m[2m)[22m[33m 428[2mms[22m[39m
 [32m✓[39m [30m[45m thread-safe [49m[39m packages/paper/paper-foundation/tests/executor-review-semantic.spec.ts [2m([22m[2m6 tests[22m[2m)[22m[33m 493[2mms[22m[39m
 [32m✓[39m [30m[45m thread-safe [49m[39m packages/paper/paper-foundation/tests/execution/provenance-gate.spec.ts [2m([22m[2m15 tests[22m[2m)[22m[33m 532[2mms[22m[39m
 [32m✓[39m [30m[45m thread-safe [49m[39m packages/paper/paper-foundation/tests/executor.spec.ts [2m([22m[2m5 tests[22m[2m)[22m[33m 561[2mms[22m[39m
 [32m✓[39m [30m[45m thread-safe [49m[39m packages/paper/paper-foundation/tests/rt-c4/workflow-bypass.spec.ts [2m([22m[2m27 tests[22m[2m)[22m[33m 537[2mms[22m[39m
 [32m✓[39m [30m[45m thread-safe [49m[39m apps/paper-shell/tests/study-manifest.spec.ts [2m([22m[2m12 tests[22m[2m)[22m[33m 610[2mms[22m[39m
 [32m✓[39m [30m[45m thread-safe [49m[39m packages/paper/paper-foundation/tests/executor-truncation.spec.ts [2m([22m[2m11 tests[22m[2m)[22m[33m 529[2mms[22m[39m
 [32m✓[39m [30m[45m thread-safe [49m[39m packages/paper/paper-foundation/tests/executor-review-v2.spec.ts [2m([22m[2m6 tests[22m[2m)[22m[33m 589[2mms[22m[39m
 [32m✓[39m [30m[45m thread-safe [49m[39m packages/paper/paper-foundation/tests/executor-guards.spec.ts [2m([22m[2m13 tests[22m[2m)[22m[33m 685[2mms[22m[39m
 [32m✓[39m [30m[45m thread-safe [49m[39m packages/paper/paper-foundation/tests/delivery/delivery-grade-fail-soft.spec.ts [2m([22m[2m4 tests[22m[2m)[22m[33m 638[2mms[22m[39m
     [33m[2m✓[22m[39m a paper with content and a surviving critical defect delivers as MARKED with an honest appendix [33m 403[2mms[22m[39m
 [32m✓[39m [30m[45m thread-safe [49m[39m packages/paper/paper-foundation/tests/executor-e1e2.spec.ts [2m([22m[2m35 tests[22m[2m)[22m[33m 706[2mms[22m[39m
 [32m✓[39m [30m[45m thread-safe [49m[39m packages/paper/paper-foundation/tests/catalog-provider.spec.ts [2m([22m[2m3 tests[22m[2m)[22m[33m 981[2mms[22m[39m
     [33m[2m✓[22m[39m lists and loads the catalog active version, and ignores foreign locators [33m 434[2mms[22m[39m
     [33m[2m✓[22m[39m serves the rolled-back version after the catalog switches [33m 363[2mms[22m[39m
 [32m✓[39m [30m[45m thread-safe [49m[39m packages/paper/paper-foundation/tests/executor-tier.spec.ts [2m([22m[2m8 tests[22m[2m)[22m[33m 1001[2mms[22m[39m
     [33m[2m✓[22m[39m NONE ≠ 错: prose first, then a container after the guided retry — the run completes [33m 416[2mms[22m[39m
 [32m✓[39m [30m[45m thread-safe [49m[39m packages/paper/paper-foundation/tests/executor-authoritative.spec.ts [2m([22m[2m4 tests[22m[2m)[22m[33m 1145[2mms[22m[39m
     [33m[2m✓[22m[39m delivers POLAR-ICE end to end with Result/Claim/record in the store and a 0.731 report on disk [33m 599[2mms[22m[39m
 [32m✓[39m [30m[45m thread-safe [49m[39m packages/paper/paper-foundation/tests/signed-skill-guards.spec.ts [2m([22m[2m12 tests[22m[2m)[22m[33m 1250[2mms[22m[39m
     [33m[2m✓[22m[39m refuses a package that requires a newer harness and accepts equal or older [33m 514[2mms[22m[39m
 [32m✓[39m [30m[45m thread-safe [49m[39m packages/paper/paper-foundation/tests/skill-catalog.spec.ts [2m([22m[2m11 tests[22m[2m)[22m[33m 1284[2mms[22m[39m
     [33m[2m✓[22m[39m installs versioned packages, keeps history, and rolls back after re-validation [33m 535[2mms[22m[39m
 [32m✓[39m [30m[45m thread-safe [49m[39m packages/paper/paper-foundation/tests/executor-guided.spec.ts [2m([22m[2m10 tests[22m[2m)[22m[33m 1833[2mms[22m[39m
     [33m[2m✓[22m[39m happy path: three steps deliver the SAME report sha256 as the T1 container path [33m 833[2mms[22m[39m
     [33m[2m✓[22m[39m happy path: one fill-in delivers the SAME report sha256 as the T1 container path [33m 305[2mms[22m[39m
 [32m✓[39m [30m[45m thread-safe [49m[39m packages/paper/paper-foundation/tests/rt-c1/discriminator.spec.ts [2m([22m[2m21 tests[22m[2m)[22m[32m 122[2mms[22m[39m
 [32m✓[39m [30m[45m thread-safe [49m[39m packages/paper/paper-foundation/tests/ir/bridge.spec.ts [2m([22m[2m29 tests[22m[2m)[22m[32m 168[2mms[22m[39m
 [32m✓[39m [30m[45m thread-safe [49m[39m packages/paper/paper-foundation/tests/ir/evidence-freeze.spec.ts [2m([22m[2m27 tests[22m[2m)[22m[32m 177[2mms[22m[39m
 [32m✓[39m [30m[45m thread-safe [49m[39m apps/paper-shell/tests/invoke.spec.ts [2m([22m[2m8 tests[22m[2m)[22m[32m 83[2mms[22m[39m
 [32m✓[39m [30m[45m thread-safe [49m[39m packages/paper/paper-foundation/tests/ir/attack.spec.ts [2m([22m[2m12 tests[22m[2m)[22m[32m 96[2mms[22m[39m
 [32m✓[39m [30m[45m thread-safe [49m[39m packages/paper/paper-foundation/tests/delivery/gate-loadcode.spec.ts [2m([22m[2m4 tests[22m[2m)[22m[32m 95[2mms[22m[39m
 [32m✓[39m [30m[45m thread-safe [49m[39m packages/paper/paper-foundation/tests/delivery/gates-p14b.spec.ts [2m([22m[2m5 tests[22m[2m)[22m[32m 162[2mms[22m[39m
 [32m✓[39m [30m[45m thread-safe [49m[39m packages/paper/paper-foundation/tests/ir/fault-corpus-d2.spec.ts [2m([22m[2m20 tests[22m[2m)[22m[32m 60[2mms[22m[39m
 [32m✓[39m [30m[45m thread-safe [49m[39m packages/paper/paper-foundation/tests/delivery/figure-semantic.spec.ts [2m([22m[2m10 tests[22m[2m)[22m[32m 67[2mms[22m[39m
 [32m✓[39m [30m[45m thread-safe [49m[39m packages/paper/paper-foundation/tests/verification/v-structure.spec.ts [2m([22m[2m11 tests[22m[2m)[22m[32m 80[2mms[22m[39m
 [32m✓[39m [30m[45m thread-safe [49m[39m packages/paper/paper-foundation/tests/ir/bridge-dedup.spec.ts [2m([22m[2m11 tests[22m[2m)[22m[32m 104[2mms[22m[39m
 [32m✓[39m [30m[45m thread-safe [49m[39m packages/paper/paper-foundation/tests/ir/fault-corpus.spec.ts [2m([22m[2m18 tests[22m[2m)[22m[32m 86[2mms[22m[39m
 [32m✓[39m [30m[45m thread-safe [49m[39m packages/paper/paper-foundation/tests/produce/interpretation-producer.spec.ts [2m([22m[2m9 tests[22m[2m)[22m[32m 83[2mms[22m[39m
[paperRuntimeGuard] audit not available: capability_check stage=PLAN cap=read_problem allowed=true
[paperRuntimeGuard] audit not available: capability_check stage=PLAN cap=read_problem allowed=true
[paperRuntimeGuard] audit not available: capability_check stage=MODEL cap=llm_inference allowed=true
[paperRuntimeGuard] audit not available: capability_check stage=REVIEW cap=shell allowed=false
[paper-preflight] failures=["missing_service"] at=2026-09-18T13:57:48.951Z
[paper-preflight] failures=["missing_service"] at=2026-09-18T13:57:48.951Z
[paper-preflight] failures=["missing_service"] at=2026-09-18T13:57:48.952Z
[paper-preflight] failures=["missing_service"] at=2026-09-18T13:57:48.952Z
[paper-preflight] failures=["unknown_production_config"] at=2026-09-18T13:57:48.952Z
[paper-preflight] failures=["gate_not_registered","gate_not_registered","gate_not_registered","gate_not_registered","gate_not_registered"] at=2026-09-18T13:57:48.953Z
[paper-preflight] failures=["stage_policy_incomplete"] at=2026-09-18T13:57:48.954Z
[paper-preflight] failures=["delivery_policy_unresolved"] at=2026-09-18T13:57:48.958Z
 [32m✓[39m [30m[45m thread-safe [49m[39m packages/paper/paper-foundation/tests/rt-e/evidence-attacks.spec.ts [2m([22m[2m13 tests[22m[2m)[22m[32m 154[2mms[22m[39m
 [32m✓[39m [30m[45m thread-safe [49m[39m packages/paper/paper-foundation/tests/runtime/runtime-guard.spec.ts [2m([22m[2m24 tests[22m[2m)[22m[32m 39[2mms[22m[39m
 [32m✓[39m [30m[45m thread-safe [49m[39m packages/paper/paper-foundation/tests/signed-skill.spec.ts [2m([22m[2m2 tests[22m[2m)[22m[32m 107[2mms[22m[39m
 [32m✓[39m [30m[45m thread-safe [49m[39m packages/paper/paper-foundation/tests/ir/claim-evidence.spec.ts [2m([22m[2m23 tests[22m[2m)[22m[32m 37[2mms[22m[39m
 [32m✓[39m [30m[45m thread-safe [49m[39m packages/paper/paper-foundation/tests/ir/execution-record.spec.ts [2m([22m[2m14 tests[22m[2m)[22m[32m 44[2mms[22m[39m
 [32m✓[39m [30m[45m thread-safe [49m[39m packages/paper/paper-foundation/tests/rt-c4/promoter-and-pipeline.spec.ts [2m([22m[2m16 tests[22m[2m)[22m[32m 59[2mms[22m[39m
 [32m✓[39m [30m[45m thread-safe [49m[39m packages/paper/paper-foundation/tests/ir/ir-semantics.spec.ts [2m([22m[2m20 tests[22m[2m)[22m[32m 58[2mms[22m[39m
[paperRuntimeGuard] audit not available: capability_check stage=PLAN cap=llm_inference allowed=true
[paperRuntimeGuard] audit not available: capability_check stage=PLAN cap=llm_inference allowed=true
[paperRuntimeGuard] audit not available: capability_check stage=PLAN cap=llm_inference allowed=true
 [32m✓[39m [30m[45m thread-safe [49m[39m packages/paper/paper-foundation/tests/delivery/figure-producer.spec.ts [2m([22m[2m6 tests[22m[2m)[22m[32m 95[2mms[22m[39m
[paperRuntimeGuard] audit not available: capability_check stage=PLAN cap=llm_inference allowed=true
[paperRuntimeGuard] audit not available: capability_check stage=PLAN cap=llm_inference allowed=true
[paperRuntimeGuard] audit not available: capability_check stage=MODEL cap=llm_inference allowed=true
[paperRuntimeGuard] audit not available: capability_check stage=PLAN cap=llm_inference allowed=true
[paperRuntimeGuard] audit not available: capability_check stage=PLAN cap=llm_inference allowed=true
[paperRuntimeGuard] audit not available: capability_check stage=PLAN cap=llm_inference allowed=true
 [32m✓[39m [30m[45m thread-safe [49m[39m packages/paper/paper-foundation/tests/diagnostics.spec.ts [2m([22m[2m3 tests[22m[2m)[22m[32m 45[2mms[22m[39m
 [32m✓[39m [30m[45m thread-safe [49m[39m packages/paper/paper-foundation/tests/rt-c1/edge.spec.ts [2m([22m[2m12 tests[22m[2m)[22m[32m 65[2mms[22m[39m
 [32m✓[39m [30m[45m thread-safe [49m[39m packages/paper/paper-foundation/tests/ir/ref-closure.spec.ts [2m([22m[2m13 tests[22m[2m)[22m[32m 56[2mms[22m[39m
 [32m✓[39m [30m[45m thread-safe [49m[39m packages/paper/paper-foundation/tests/service-guards.spec.ts [2m([22m[2m13 tests[22m[2m)[22m[32m 107[2mms[22m[39m
 [32m✓[39m [30m[45m thread-safe [49m[39m packages/paper/paper-foundation/tests/rt-x/attacks.spec.ts [2m([22m[2m15 tests[22m[2m)[22m[32m 104[2mms[22m[39m
 [32m✓[39m [30m[45m thread-safe [49m[39m packages/paper/paper-foundation/tests/rt-c2/numeric-binding-attacks.spec.ts [2m([22m[2m37 tests[22m[2m)[22m[32m 99[2mms[22m[39m
 [32m✓[39m [30m[45m thread-safe [49m[39m packages/paper/paper-foundation/tests/security.spec.ts [2m([22m[2m9 tests[22m[2m)[22m[32m 183[2mms[22m[39m
 [32m✓[39m [30m[45m thread-safe [49m[39m packages/paper/paper-foundation/tests/skill-provider.spec.ts [2m([22m[2m1 test[22m[2m)[22m[32m 117[2mms[22m[39m
 [32m✓[39m [30m[45m thread-safe [49m[39m packages/paper/paper-foundation/tests/store.spec.ts [2m([22m[2m2 tests[22m[2m)[22m[32m 39[2mms[22m[39m
 [32m✓[39m [30m[45m thread-safe [49m[39m packages/paper/paper-foundation/tests/ir/forge-producers.spec.ts [2m([22m[2m6 tests[22m[2m)[22m[32m 60[2mms[22m[39m
 [32m✓[39m [30m[45m thread-safe [49m[39m packages/paper/paper-foundation/tests/rt-c1/subtle.spec.ts [2m([22m[2m10 tests[22m[2m)[22m[32m 44[2mms[22m[39m
 [32m✓[39m [30m[45m thread-safe [49m[39m apps/paper-shell/tests/code-provenance.spec.ts [2m([22m[2m9 tests[22m[2m)[22m[32m 72[2mms[22m[39m
 [32m✓[39m [30m[45m thread-safe [49m[39m packages/paper/paper-foundation/tests/rt-c1/bridge-binding.spec.ts [2m([22m[2m9 tests[22m[2m)[22m[32m 91[2mms[22m[39m
 [32m✓[39m [30m[45m thread-safe [49m[39m packages/paper/paper-foundation/tests/ir/schema.spec.ts [2m([22m[2m18 tests[22m[2m)[22m[32m 85[2mms[22m[39m
 [32m✓[39m [30m[45m thread-safe [49m[39m packages/paper/paper-foundation/tests/ir/stale-figure.spec.ts [2m([22m[2m1 test[22m[2m)[22m[32m 32[2mms[22m[39m
 [32m✓[39m [30m[45m thread-safe [49m[39m packages/paper/paper-foundation/tests/rt-c1/last-shot.spec.ts [2m([22m[2m5 tests[22m[2m)[22m[32m 49[2mms[22m[39m
 [32m✓[39m [30m[45m thread-safe [49m[39m packages/paper/paper-foundation/tests/delivery/gate-v014.spec.ts [2m([22m[2m6 tests[22m[2m)[22m[32m 69[2mms[22m[39m
 [32m✓[39m [30m[45m thread-safe [49m[39m packages/paper/paper-foundation/tests/ir/refs.spec.ts [2m([22m[2m13 tests[22m[2m)[22m[32m 20[2mms[22m[39m
 [32m✓[39m [30m[45m thread-safe [49m[39m packages/paper/paper-foundation/tests/ir/ir-contract.spec.ts [2m([22m[2m12 tests[22m[2m)[22m[32m 28[2mms[22m[39m
 [32m✓[39m [30m[45m thread-safe [49m[39m packages/paper/paper-foundation/tests/ir/parse.spec.ts [2m([22m[2m25 tests[22m[2m)[22m[32m 26[2mms[22m[39m
 [32m✓[39m [30m[45m thread-safe [49m[39m packages/paper/paper-foundation/tests/composition.spec.ts [2m([22m[2m1 test[22m[2m)[22m[32m 50[2mms[22m[39m
 [32m✓[39m [30m[45m thread-safe [49m[39m packages/paper/paper-foundation/tests/workflow.spec.ts [2m([22m[2m2 tests[22m[2m)[22m[32m 62[2mms[22m[39m
 [32m✓[39m [30m[45m thread-safe [49m[39m packages/paper/paper-foundation/tests/produce/ir-producer.spec.ts [2m([22m[2m19 tests[22m[2m)[22m[32m 66[2mms[22m[39m
 [32m✓[39m [30m[45m thread-safe [49m[39m packages/paper/paper-foundation/tests/delivery/gate-registry-profile.spec.ts [2m([22m[2m9 tests[22m[2m)[22m[32m 28[2mms[22m[39m
 [32m✓[39m [30m[45m thread-safe [49m[39m packages/paper/paper-foundation/tests/settings.spec.ts [2m([22m[2m1 test[22m[2m)[22m[32m 14[2mms[22m[39m
[paper-preflight] failures=["missing_service"] at=2026-09-18T13:57:50.921Z
[paper-preflight] failures=["missing_service"] at=2026-09-18T13:57:50.923Z
[paper-preflight] failures=["missing_service"] at=2026-09-18T13:57:50.923Z
[paper-preflight] failures=["unknown_production_config"] at=2026-09-18T13:57:50.924Z
[paper-preflight] failures=["missing_service"] at=2026-09-18T13:57:50.925Z
[paper-preflight] failures=["missing_service","missing_service"] at=2026-09-18T13:57:50.925Z
 [32m✓[39m [30m[45m thread-safe [49m[39m packages/paper/paper-foundation/tests/runtime/preflight.spec.ts [2m([22m[2m10 tests[22m[2m)[22m[32m 16[2mms[22m[39m
 [32m✓[39m [30m[45m thread-safe [49m[39m packages/paper/paper-foundation/tests/provider.spec.ts [2m([22m[2m1 test[22m[2m)[22m[32m 17[2mms[22m[39m
 [32m✓[39m [30m[45m thread-safe [49m[39m packages/paper/paper-foundation/tests/runtime/profile.spec.ts [2m([22m[2m11 tests[22m[2m)[22m[32m 17[2mms[22m[39m
 [32m✓[39m [30m[45m thread-safe [49m[39m packages/paper/paper-foundation/tests/rt-c1/rt-c1-27-gap.spec.ts [2m([22m[2m2 tests[22m[2m)[22m[32m 38[2mms[22m[39m
 [32m✓[39m [30m[45m thread-safe [49m[39m packages/paper/paper-foundation/tests/release.spec.ts [2m([22m[2m10 tests[22m[2m)[22m[32m 34[2mms[22m[39m
 [32m✓[39m [30m[45m thread-safe [49m[39m packages/paper/paper-foundation/tests/delivery/delivery-grade.spec.ts [2m([22m[2m18 tests[22m[2m)[22m[32m 17[2mms[22m[39m
 [32m✓[39m [30m[45m thread-safe [49m[39m packages/paper/paper-foundation/tests/probe/record-trail.spec.ts [2m([22m[2m7 tests[22m[2m)[22m[32m 12[2mms[22m[39m
 [32m✓[39m [30m[45m thread-safe [49m[39m packages/paper/paper-foundation/tests/produce/report-representation.spec.ts [2m([22m[2m13 tests[22m[2m)[22m[32m 17[2mms[22m[39m
 [32m✓[39m [30m[45m thread-safe [49m[39m packages/paper/paper-foundation/tests/skill-content.spec.ts [2m([22m[2m18 tests[22m[2m)[22m[32m 24[2mms[22m[39m
 [32m✓[39m [30m[45m thread-safe [49m[39m apps/paper-shell/tests/route.spec.ts [2m([22m[2m13 tests[22m[2m)[22m[32m 18[2mms[22m[39m
 [32m✓[39m [30m[45m thread-safe [49m[39m packages/paper/paper-foundation/tests/legacy.spec.ts [2m([22m[2m23 tests[22m[2m)[22m[32m 44[2mms[22m[39m
 [32m✓[39m [30m[45m thread-safe [49m[39m packages/paper/paper-foundation/tests/produce/report-v2.spec.ts [2m([22m[2m6 tests[22m[2m)[22m[32m 10[2mms[22m[39m
 [32m✓[39m [30m[45m thread-safe [49m[39m packages/paper/paper-foundation/tests/spec.spec.ts [2m([22m[2m3 tests[22m[2m)[22m[32m 16[2mms[22m[39m
 [32m✓[39m [30m[45m thread-safe [49m[39m packages/paper/paper-foundation/tests/produce/expand-select.spec.ts [2m([22m[2m16 tests[22m[2m)[22m[32m 22[2mms[22m[39m
 [32m✓[39m [30m[45m thread-safe [49m[39m apps/paper-shell/tests/contracts.spec.ts [2m([22m[2m12 tests[22m[2m)[22m[32m 12[2mms[22m[39m
 [32m✓[39m [30m[45m thread-safe [49m[39m apps/paper-shell/tests/real-provider.spec.ts [2m([22m[2m13 tests[22m[2m)[22m[32m 16[2mms[22m[39m
 [32m✓[39m [30m[45m thread-safe [49m[39m packages/paper/paper-foundation/tests/guided-steps.spec.ts [2m([22m[2m10 tests[22m[2m)[22m[32m 27[2mms[22m[39m
 [32m✓[39m [30m[45m thread-safe [49m[39m packages/paper/paper-foundation/tests/delivery/promoter.spec.ts [2m([22m[2m7 tests[22m[2m)[22m[32m 22[2mms[22m[39m
 [32m✓[39m [30m[45m thread-safe [49m[39m packages/paper/paper-foundation/tests/runtime/firewall.spec.ts [2m([22m[2m11 tests[22m[2m)[22m[32m 15[2mms[22m[39m
 [32m✓[39m [30m[45m thread-safe [49m[39m packages/paper/paper-foundation/tests/probe/usage-telemetry.spec.ts [2m([22m[2m5 tests[22m[2m)[22m[32m 10[2mms[22m[39m
 [32m✓[39m [30m[45m thread-safe [49m[39m packages/paper/paper-foundation/tests/delivery/delivery-policy.spec.ts [2m([22m[2m18 tests[22m[2m)[22m[32m 10[2mms[22m[39m
 [32m✓[39m [30m[45m thread-safe [49m[39m packages/paper/paper-foundation/tests/template-fill.spec.ts [2m([22m[2m8 tests[22m[2m)[22m[32m 11[2mms[22m[39m
 [32m✓[39m [30m[45m thread-safe [49m[39m packages/paper/paper-foundation/tests/verification/v5-adversarial.spec.ts [2m([22m[2m6 tests[22m[2m)[22m[32m 7[2mms[22m[39m
 [32m✓[39m [30m[45m thread-safe [49m[39m packages/paper/paper-foundation/tests/produce/paper-skeleton.spec.ts [2m([22m[2m7 tests[22m[2m)[22m[32m 9[2mms[22m[39m
 [32m✓[39m [30m[45m thread-safe [49m[39m packages/paper/paper-foundation/tests/registry.spec.ts [2m([22m[2m7 tests[22m[2m)[22m[32m 7[2mms[22m[39m
 [32m✓[39m [30m[45m thread-safe [49m[39m packages/paper/paper-foundation/tests/delivery/artifact-states.spec.ts [2m([22m[2m6 tests[22m[2m)[22m[32m 14[2mms[22m[39m
 [32m✓[39m [30m[45m thread-safe [49m[39m apps/paper-shell/tests/route-guard.spec.ts [2m([22m[2m3 tests[22m[2m)[22m[32m 6[2mms[22m[39m
 [32m✓[39m [30m[45m thread-safe [49m[39m packages/paper/paper-foundation/tests/ir/golden-fingerprints.spec.ts [2m([22m[2m6 tests[22m[2m)[22m[32m 11[2mms[22m[39m
 [32m✓[39m [30m[45m thread-safe [49m[39m packages/paper/paper-foundation/tests/execution/local-runner.spec.ts [2m([22m[2m2 tests[22m[2m)[22m[32m 5[2mms[22m[39m
 [32m✓[39m [30m[45m thread-safe [49m[39m packages/paper/paper-foundation/tests/probe/qualification.spec.ts [2m([22m[2m18 tests[22m[2m)[22m[32m 13[2mms[22m[39m
 [32m✓[39m [30m[45m thread-safe [49m[39m packages/paper/paper-foundation/tests/state-machine.spec.ts [2m([22m[2m9 tests[22m[2m)[22m[32m 15[2mms[22m[39m
 [32m✓[39m [30m[45m thread-safe [49m[39m packages/paper/paper-foundation/tests/context.spec.ts [2m([22m[2m8 tests[22m[2m)[22m[32m 8[2mms[22m[39m
 [32m✓[39m [30m[45m thread-safe [49m[39m packages/paper/paper-foundation/tests/cost.spec.ts [2m([22m[2m6 tests[22m[2m)[22m[32m 8[2mms[22m[39m
 [32m✓[39m [30m[45m thread-safe [49m[39m packages/paper/paper-foundation/tests/replay.spec.ts [2m([22m[2m2 tests[22m[2m)[22m[32m 5[2mms[22m[39m
 [32m✓[39m [30m[45m thread-safe [49m[39m apps/paper-shell/tests/bundle.spec.ts [2m([22m[2m11 tests[22m[2m)[22m[33m 10249[2mms[22m[39m
     [33m[2m✓[22m[39m extracts a PDF problem via pypdf (2024 C) [33m 561[2mms[22m[39m
     [33m[2m✓[22m[39m appends a description-only profile for every xlsx attachment [33m 3718[2mms[22m[39m
     [33m[2m✓[22m[39m carries sha256 + bytes for audit traceability [33m 3543[2mms[22m[39m
     [33m[2m✓[22m[39m refuses an unsupported attachment extension [33m 1714[2mms[22m[39m
     [33m[2m✓[22m[39m refuses an empty attachment [33m 619[2mms[22m[39m

[2m Test Files [22m [1m[32m119 passed[39m[22m[90m (119)[39m
[2m      Tests [22m [1m[32m1319 passed[39m[22m[90m (1319)[39m
[2m   Start at [22m 21:57:40
[2m   Duration [22m 12.67s[2m (transform 78.53s, setup 59.94s, import 151.06s, tests 34.01s, environment 19ms)[22m

EXIT=0
